// Jest Snapshot v1, https://goo.gl/fbAQLP

exports[`PodcastDetail renders PodcastDetail 1`] = `
{
  "asFragment": [Function],
  "baseElement": <body>
    <div>
      <div
        class="MuiBox-root css-70hkv0"
      >
        <div
          class="MuiBox-root css-6m2utx"
          data-testid="podcast-wrapper-testid"
        >
          <div
            class="MuiBox-root css-1ia54b9"
          >
            <img
              class="podcastCard__image"
              data-testid="podcast-image-testid"
              src="1"
            />
          </div>
          <hr
            class="MuiDivider-root MuiDivider-middle css-ft4jij-MuiDivider-root"
          />
          <div
            class="MuiBox-root css-1d8isoc"
          >
            <h6
              class="MuiTypography-root MuiTypography-subtitle1 MuiTypography-gutterBottom css-165m6tq-MuiTypography-root"
              data-testid="podcast-name-testid"
            >
              test
            </h6>
            <h6
              class="MuiTypography-root MuiTypography-subtitle2 MuiTypography-gutterBottom css-t9vmtp-MuiTypography-root"
              data-testid="podcast-author-testid"
            >
              by 
              test
            </h6>
          </div>
          <hr
            class="MuiDivider-root MuiDivider-middle css-ft4jij-MuiDivider-root"
          />
          <div
            class="MuiBox-root css-tcr4li"
          >
            <h6
              class="MuiTypography-root MuiTypography-subtitle2 MuiTypography-gutterBottom css-16yea3k-MuiTypography-root"
              data-testid="podcast-description-testid"
            >
              Description:
            </h6>
            <h6
              class="MuiTypography-root MuiTypography-subtitle2 MuiTypography-gutterBottom css-4qfdts-MuiTypography-root"
              data-testid="podcast-description1-testid"
            >
              test
            </h6>
          </div>
        </div>
        <div
          class="MuiBox-root css-1ixmh22"
          data-testid="episodes-wrapper-testid"
        >
          <div
            class="MuiBox-root css-4zyzsf"
          >
            <h6
              class="MuiTypography-root MuiTypography-h6 css-tjvwag-MuiTypography-root"
              data-testid="episodes-number-testid"
            >
              Episodes: 
              1
            </h6>
          </div>
          <div
            class="MuiBox-root css-13z1pn"
          >
            <div
              class="MuiTableContainer-root css-rorn0c-MuiTableContainer-root"
            >
              <table
                class="MuiTable-root css-rqglhn-MuiTable-root"
                data-testid="table-episodes-testid"
              >
                <thead
                  class="MuiTableHead-root css-15wwp11-MuiTableHead-root"
                >
                  <tr
                    class="MuiTableRow-root MuiTableRow-head css-1q1u3t4-MuiTableRow-root"
                  >
                    <th
                      class="MuiTableCell-root MuiTableCell-head MuiTableCell-alignLeft MuiTableCell-sizeMedium css-11sptls-MuiTableCell-root"
                      scope="col"
                    >
                      Title
                    </th>
                    <th
                      class="MuiTableCell-root MuiTableCell-head MuiTableCell-alignRight MuiTableCell-sizeMedium css-1o98s2t-MuiTableCell-root"
                      scope="col"
                    >
                      Date
                    </th>
                    <th
                      class="MuiTableCell-root MuiTableCell-head MuiTableCell-alignRight MuiTableCell-sizeMedium css-1o98s2t-MuiTableCell-root"
                      scope="col"
                    >
                      Duration
                    </th>
                  </tr>
                </thead>
                <tbody
                  class="MuiTableBody-root css-apqrd9-MuiTableBody-root"
                >
                  <tr
                    class="MuiTableRow-root css-1kapz33-MuiTableRow-root"
                    data-testid="episodes-tableRow-testid"
                  >
                    <td
                      class="MuiTableCell-root MuiTableCell-body MuiTableCell-alignLeft MuiTableCell-sizeMedium css-siow7j-MuiTableCell-root"
                    >
                      Episode 1
                    </td>
                    <td
                      class="MuiTableCell-root MuiTableCell-body MuiTableCell-alignRight MuiTableCell-sizeMedium css-177gid-MuiTableCell-root"
                    >
                      1/1/2020
                    </td>
                    <td
                      class="MuiTableCell-root MuiTableCell-body MuiTableCell-alignRight MuiTableCell-sizeMedium css-177gid-MuiTableCell-root"
                    >
                      25:25
                    </td>
                  </tr>
                </tbody>
              </table>
            </div>
          </div>
        </div>
      </div>
    </div>
  </body>,
  "container": <div>
    <div
      class="MuiBox-root css-70hkv0"
    >
      <div
        class="MuiBox-root css-6m2utx"
        data-testid="podcast-wrapper-testid"
      >
        <div
          class="MuiBox-root css-1ia54b9"
        >
          <img
            class="podcastCard__image"
            data-testid="podcast-image-testid"
            src="1"
          />
        </div>
        <hr
          class="MuiDivider-root MuiDivider-middle css-ft4jij-MuiDivider-root"
        />
        <div
          class="MuiBox-root css-1d8isoc"
        >
          <h6
            class="MuiTypography-root MuiTypography-subtitle1 MuiTypography-gutterBottom css-165m6tq-MuiTypography-root"
            data-testid="podcast-name-testid"
          >
            test
          </h6>
          <h6
            class="MuiTypography-root MuiTypography-subtitle2 MuiTypography-gutterBottom css-t9vmtp-MuiTypography-root"
            data-testid="podcast-author-testid"
          >
            by 
            test
          </h6>
        </div>
        <hr
          class="MuiDivider-root MuiDivider-middle css-ft4jij-MuiDivider-root"
        />
        <div
          class="MuiBox-root css-tcr4li"
        >
          <h6
            class="MuiTypography-root MuiTypography-subtitle2 MuiTypography-gutterBottom css-16yea3k-MuiTypography-root"
            data-testid="podcast-description-testid"
          >
            Description:
          </h6>
          <h6
            class="MuiTypography-root MuiTypography-subtitle2 MuiTypography-gutterBottom css-4qfdts-MuiTypography-root"
            data-testid="podcast-description1-testid"
          >
            test
          </h6>
        </div>
      </div>
      <div
        class="MuiBox-root css-1ixmh22"
        data-testid="episodes-wrapper-testid"
      >
        <div
          class="MuiBox-root css-4zyzsf"
        >
          <h6
            class="MuiTypography-root MuiTypography-h6 css-tjvwag-MuiTypography-root"
            data-testid="episodes-number-testid"
          >
            Episodes: 
            1
          </h6>
        </div>
        <div
          class="MuiBox-root css-13z1pn"
        >
          <div
            class="MuiTableContainer-root css-rorn0c-MuiTableContainer-root"
          >
            <table
              class="MuiTable-root css-rqglhn-MuiTable-root"
              data-testid="table-episodes-testid"
            >
              <thead
                class="MuiTableHead-root css-15wwp11-MuiTableHead-root"
              >
                <tr
                  class="MuiTableRow-root MuiTableRow-head css-1q1u3t4-MuiTableRow-root"
                >
                  <th
                    class="MuiTableCell-root MuiTableCell-head MuiTableCell-alignLeft MuiTableCell-sizeMedium css-11sptls-MuiTableCell-root"
                    scope="col"
                  >
                    Title
                  </th>
                  <th
                    class="MuiTableCell-root MuiTableCell-head MuiTableCell-alignRight MuiTableCell-sizeMedium css-1o98s2t-MuiTableCell-root"
                    scope="col"
                  >
                    Date
                  </th>
                  <th
                    class="MuiTableCell-root MuiTableCell-head MuiTableCell-alignRight MuiTableCell-sizeMedium css-1o98s2t-MuiTableCell-root"
                    scope="col"
                  >
                    Duration
                  </th>
                </tr>
              </thead>
              <tbody
                class="MuiTableBody-root css-apqrd9-MuiTableBody-root"
              >
                <tr
                  class="MuiTableRow-root css-1kapz33-MuiTableRow-root"
                  data-testid="episodes-tableRow-testid"
                >
                  <td
                    class="MuiTableCell-root MuiTableCell-body MuiTableCell-alignLeft MuiTableCell-sizeMedium css-siow7j-MuiTableCell-root"
                  >
                    Episode 1
                  </td>
                  <td
                    class="MuiTableCell-root MuiTableCell-body MuiTableCell-alignRight MuiTableCell-sizeMedium css-177gid-MuiTableCell-root"
                  >
                    1/1/2020
                  </td>
                  <td
                    class="MuiTableCell-root MuiTableCell-body MuiTableCell-alignRight MuiTableCell-sizeMedium css-177gid-MuiTableCell-root"
                  >
                    25:25
                  </td>
                </tr>
              </tbody>
            </table>
          </div>
        </div>
      </div>
    </div>
  </div>,
  "debug": [Function],
  "findAllByAltText": [Function],
  "findAllByDisplayValue": [Function],
  "findAllByLabelText": [Function],
  "findAllByPlaceholderText": [Function],
  "findAllByRole": [Function],
  "findAllByTestId": [Function],
  "findAllByText": [Function],
  "findAllByTitle": [Function],
  "findByAltText": [Function],
  "findByDisplayValue": [Function],
  "findByLabelText": [Function],
  "findByPlaceholderText": [Function],
  "findByRole": [Function],
  "findByTestId": [Function],
  "findByText": [Function],
  "findByTitle": [Function],
  "getAllByAltText": [Function],
  "getAllByDisplayValue": [Function],
  "getAllByLabelText": [Function],
  "getAllByPlaceholderText": [Function],
  "getAllByRole": [Function],
  "getAllByTestId": [Function],
  "getAllByText": [Function],
  "getAllByTitle": [Function],
  "getByAltText": [Function],
  "getByDisplayValue": [Function],
  "getByLabelText": [Function],
  "getByPlaceholderText": [Function],
  "getByRole": [Function],
  "getByTestId": [Function],
  "getByText": [Function],
  "getByTitle": [Function],
  "queryAllByAltText": [Function],
  "queryAllByDisplayValue": [Function],
  "queryAllByLabelText": [Function],
  "queryAllByPlaceholderText": [Function],
  "queryAllByRole": [Function],
  "queryAllByTestId": [Function],
  "queryAllByText": [Function],
  "queryAllByTitle": [Function],
  "queryByAltText": [Function],
  "queryByDisplayValue": [Function],
  "queryByLabelText": [Function],
  "queryByPlaceholderText": [Function],
  "queryByRole": [Function],
  "queryByTestId": [Function],
  "queryByText": [Function],
  "queryByTitle": [Function],
  "rerender": [Function],
  "store": {
    "@@observable": [Function],
    "dispatch": [Function],
    "getState": [Function],
    "replaceReducer": [Function],
    "subscribe": [Function],
  },
  "unmount": [Function],
}
`;
